[ " \n "     MAZ_zeusModulesTree, " \n "     MAZ_EZMLabelTree, " \n "     format [""ZAM Edition - %1"",missionNamespace getVariable ['MAZ_EZM_Version','']], " \n "     ""Framework originally created by: M9-SD & GamesByChris.\nExpanded and made public by: Expung3d to enhance Public Zeus.\n\nNeed help? Found a bug? Join our Discord:\nhttps://discord.gg/W4ew5HP"", " \n "     ""MAZ_EZM_fnc_hiddenEasterEggModule"" " \n "    ] call MAZ_EZM_fnc_zeusAddModule;