comment "" " \n " TODO Expung3d: " \n " - EZM Eventhandlers " \n " - Add Dead Soldier compositions to all factions  " \n " - NATO+  " \n " - Better Looters  " \n " - Paradrop Reinforcements  " \n " - Airdrop selected object  " \n " - Disable/Enable Thermals  " \n " - More waypoints  " \n " - Composition wrecks do not attach objects correctly  " \n " - Other seasonal modules  " \n " - Add more building interiors (Malden) " \n " - Advanced Difficulty Settings " \n " " \n " - Airstrike Helicopter " \n " - Cinematics " \n " - Play video module " \n """;